## 評価基準（各スコアは0〜5の整数）
各項目は下のレベル定義に照らし、本文が満たしている最も高いレベルの数字を選んでください。印象で決めないこと。
- specificity（具体性）: 数値・固有名詞・具体的な行動が含まれているか
  - 0点: 具体的な記述が無く、「頑張りました」「コミュニケーション能力があります」のような形容だけ
  - 1点: 活動名・所属・肩書きだけがあり、自分が何をしたかの行動が書かれていない
  - 2点: 自分の行動は書かれているが、数値・固有名詞・期間がいずれも無い
  - 3点: 自分の行動に加えて、数値・固有名詞・期間のいずれか1種類がある
  - 4点: 自分の行動に加えて、数値・固有名詞・期間のうち2種類以上があり、活動の規模と自分の役割が読み取れる
  - 5点: すべての活動記述に数値と固有名詞があり、何をどう変えたかの手順（着手前→実施→結果）が追える
- achievement（成果の明示）: 取組の結果が読み取れるか
  - 0点: 取組の結果に触れた記述が無い
  - 1点: 「貢献できた」「評価された」のように、結果を主観の言葉だけで述べている
  - 2点: 結果は書かれているが、どの取組による結果なのか対応が読み取れない
  - 3点: 取組と結果が対応しており、結果が定性的に読み取れる
  - 4点: 取組と結果が対応しており、結果が件数・時間・金額・人数などの数値で示されている
  - 5点: 取組と結果が対応し、結果が数値で示され、かつ変化（前→後）または再現性（継続・横展開・他者への移管）まで書かれている
- role_fit（職種適合）: 応募職種の評価軸に対応する記述があるか
  - 0点: 応募職種に関係する記述が無い
  - 1点: 職種名や志望の表明だけで、裏付ける経験・学習が無い
  - 2点: 関連しそうな経験はあるが、応募職種の評価軸との対応が書かれていない
  - 3点: 応募職種の評価軸に対応する経験・学習が1つ書かれている
  - 4点: 応募職種の評価軸に対応する経験・学習が2つ以上あり、職種で使う技能が具体名（言語・ツール・資格・業務名）で書かれている
  - 5点: 上記に加えて、その経験を応募先の業務でどう使うかが志望動機と結びついている
- completeness（記載の網羅性）: 必要項目（氏名・学歴・職歴・資格・自己PR・志望動機の6つ。職歴はアルバイト・インターン・実習を含む）が埋まっているか
  - 0点: 6つの必要項目のうち、埋まっているのが2つ以下
  - 1点: 6つの必要項目のうち、埋まっているのが3つ
  - 2点: 6つの必要項目のうち、埋まっているのが4つまたは5つ
  - 3点: 6つすべてが埋まっているが、学歴・職歴の年月または自分の役割が一部欠けている
  - 4点: 6つすべてが埋まり、学歴・職歴に年月と自分の役割があって欠落が無い
  - 5点: 上記に加えて、在籍期間と資格の取得時期に矛盾が無く、応募職種の判断に必要な情報（規模・使用技能）が補われている
- readability（読みやすさ）: 一文の長さ・表記統一・構成
  - 0点: 文が途中で切れている、語の並びが崩れているなど、意味の取れない箇所がある
  - 1点: 意味は取れるが、一文が100文字を超える箇所が2つ以上ある、または箇条書きと文章が同じ項目の中で混在している
  - 2点: 一文が100文字を超える箇所が1つある、または表記の不統一（西暦と和暦、半角と全角の数字、敬体と常体）がある
  - 3点: 一文はすべて60文字以内で、項目ごとに改行で整理されている
  - 4点: 上記に加えて、年号・数字・文体の表記が全体で統一されている
  - 5点: 上記に加えて、各項目が結論→根拠→補足の順に並んでいる